

================================================================
== Vivado HLS Report for 'cnn_top_axi'
================================================================
* Date:           Sat Nov 15 22:58:21 2025

* Version:        2019.1 (Build 2552052 on Fri May 24 15:28:33 MDT 2019)
* Project:        CNN
* Solution:       solution6
* Product family: zynq
* Target device:  xc7z020-clg484-1


================================================================
== Performance Estimates
================================================================
+ Timing (ns): 
    * Summary: 
    +--------+-------+----------+------------+
    |  Clock | Target| Estimated| Uncertainty|
    +--------+-------+----------+------------+
    |ap_clk  |  10.00|     9.098|        1.25|
    +--------+-------+----------+------------+

+ Latency (clock cycles): 
    * Summary: 
    +-------+--------+-------+--------+---------+
    |     Latency    |    Interval    | Pipeline|
    |  min  |   max  |  min  |   max  |   Type  |
    +-------+--------+-------+--------+---------+
    |  71424|  225216|  71424|  225216|   none  |
    +-------+--------+-------+--------+---------+

    + Detail: 
        * Instance: 
        +------------------------------+------------------+-------+--------+-------+--------+---------+
        |                              |                  |     Latency    |    Interval    | Pipeline|
        |           Instance           |      Module      |  min  |   max  |  min  |   max  |   Type  |
        +------------------------------+------------------+-------+--------+-------+--------+---------+
        |grp_dense_FC1_fu_1194         |dense_FC1         |   2651|    2651|   2651|    2651|   none  |
        |grp_conv2_same_fixed_fu_1263  |conv2_same_fixed  |   9613|  163405|   9613|  163405|   none  |
        |grp_conv1d_same_1in_fu_1273   |conv1d_same_1in   |  49841|   49841|  49841|   49841|   none  |
        +------------------------------+------------------+-------+--------+-------+--------+---------+

        * Loop: 
        +-------------+------+------+----------+-----------+-----------+------+----------+
        |             |   Latency   | Iteration|  Initiation Interval  | Trip |          |
        |  Loop Name  |  min |  max |  Latency |  achieved |   target  | Count| Pipelined|
        +-------------+------+------+----------+-----------+-----------+------+----------+
        |- loop1      |   178|   178|         1|          -|          -|   178|    no    |
        |- L_loop3    |  1426|  1426|         4|          1|          1|  1424|    yes   |
        |- loop4_L    |  1426|  1426|         5|          2|          1|   712|    yes   |
        |- L_loop6    |  1071|  1071|         5|          1|          1|  1068|    yes   |
        |- loop7_L    |  1059|  1059|         6|          2|          1|   528|    yes   |
        |- L_loop8    |   529|   529|         3|          1|          1|   528|    yes   |
        |- loop13     |    33|    33|         3|          1|          1|    32|    yes   |
        |- loop10     |  2720|  2720|       170|          -|          -|    16|    no    |
        | + loop10.1  |   166|   166|        12|          5|          1|    32|    yes   |
        |- loop13     |    17|    17|         3|          1|          1|    16|    yes   |
        |- loop11     |   720|   720|        90|          -|          -|     8|    no    |
        | + loop11.1  |    86|    86|        12|          5|          1|    16|    yes   |
        |- loop13     |     9|     9|         3|          1|          1|     8|    yes   |
        |- loop12     |    44|    44|        44|          1|          1|     2|    yes   |
        |- Loop 13    |    23|    23|        19|          5|          1|     2|    yes   |
        |- Loop 14    |     8|     8|         4|          4|          1|     2|    yes   |
        +-------------+------+------+----------+-----------+-----------+------+----------+



================================================================
== Utilization Estimates
================================================================
* Summary: 
+-----------------+---------+-------+--------+-------+-----+
|       Name      | BRAM_18K| DSP48E|   FF   |  LUT  | URAM|
+-----------------+---------+-------+--------+-------+-----+
|DSP              |        -|      -|       -|      -|    -|
|Expression       |        -|      -|       0|   2249|    -|
|FIFO             |        -|      -|       -|      -|    -|
|Instance         |       66|     92|   12142|  17048|    -|
|Memory           |       26|      -|     320|     36|    0|
|Multiplexer      |        -|      -|       -|   1676|    -|
|Register         |        2|      -|    4164|    417|    -|
+-----------------+---------+-------+--------+-------+-----+
|Total            |       94|     92|   16626|  21426|    0|
+-----------------+---------+-------+--------+-------+-----+
|Available        |      280|    220|  106400|  53200|    0|
+-----------------+---------+-------+--------+-------+-----+
|Utilization (%)  |       33|     41|      15|     40|    0|
+-----------------+---------+-------+--------+-------+-----+

+ Detail: 
    * Instance: 
    +------------------------------+----------------------+---------+-------+------+------+-----+
    |           Instance           |        Module        | BRAM_18K| DSP48E|  FF  |  LUT | URAM|
    +------------------------------+----------------------+---------+-------+------+------+-----+
    |cnn_top_axi_fadd_dEe_U63      |cnn_top_axi_fadd_dEe  |        0|      2|   205|   390|    0|
    |cnn_top_axi_fadd_dEe_U64      |cnn_top_axi_fadd_dEe  |        0|      2|   205|   390|    0|
    |cnn_top_axi_fadd_dEe_U65      |cnn_top_axi_fadd_dEe  |        0|      2|   205|   390|    0|
    |cnn_top_axi_fadd_dEe_U66      |cnn_top_axi_fadd_dEe  |        0|      2|   205|   390|    0|
    |cnn_top_axi_fadd_dEe_U67      |cnn_top_axi_fadd_dEe  |        0|      2|   205|   390|    0|
    |cnn_top_axi_fadd_dEe_U68      |cnn_top_axi_fadd_dEe  |        0|      2|   205|   390|    0|
    |cnn_top_axi_fadd_dEe_U69      |cnn_top_axi_fadd_dEe  |        0|      2|   205|   390|    0|
    |cnn_top_axi_faddfhbi_U62      |cnn_top_axi_faddfhbi  |        0|      2|   205|   390|    0|
    |cnn_top_axi_fcmp_kbM_U80      |cnn_top_axi_fcmp_kbM  |        0|      0|    66|   239|    0|
    |cnn_top_axi_fdiv_ibs_U78      |cnn_top_axi_fdiv_ibs  |        0|      0|   761|   994|    0|
    |cnn_top_axi_fexp_lbW_U81      |cnn_top_axi_fexp_lbW  |        0|      7|   277|   924|    0|
    |cnn_top_axi_fmul_eOg_U70      |cnn_top_axi_fmul_eOg  |        0|      3|   143|   321|    0|
    |cnn_top_axi_fmul_eOg_U71      |cnn_top_axi_fmul_eOg  |        0|      3|   143|   321|    0|
    |cnn_top_axi_fmul_eOg_U72      |cnn_top_axi_fmul_eOg  |        0|      3|   143|   321|    0|
    |cnn_top_axi_fmul_eOg_U73      |cnn_top_axi_fmul_eOg  |        0|      3|   143|   321|    0|
    |cnn_top_axi_fmul_eOg_U74      |cnn_top_axi_fmul_eOg  |        0|      3|   143|   321|    0|
    |cnn_top_axi_fmul_eOg_U75      |cnn_top_axi_fmul_eOg  |        0|      3|   143|   321|    0|
    |cnn_top_axi_fmul_eOg_U76      |cnn_top_axi_fmul_eOg  |        0|      3|   143|   321|    0|
    |cnn_top_axi_fmul_eOg_U77      |cnn_top_axi_fmul_eOg  |        0|      3|   143|   321|    0|
    |cnn_top_axi_mux_3mb6_U82      |cnn_top_axi_mux_3mb6  |        0|      0|     0|   145|    0|
    |cnn_top_axi_sitofjbC_U79      |cnn_top_axi_sitofjbC  |        0|      0|   340|   554|    0|
    |grp_conv1d_same_1in_fu_1273   |conv1d_same_1in       |        1|      5|   706|  1093|    0|
    |grp_conv2_same_fixed_fu_1263  |conv2_same_fixed      |        1|      5|   677|  1126|    0|
    |grp_dense_FC1_fu_1194         |dense_FC1             |       64|     35|  6531|  6285|    0|
    +------------------------------+----------------------+---------+-------+------+------+-----+
    |Total                         |                      |       66|     92| 12142| 17048|    0|
    +------------------------------+----------------------+---------+-------+------+------+-----+

    * DSP48E: 
    N/A

    * Memory: 
    +---------+-------------------+---------+----+----+-----+------+-----+------+-------------+
    |  Memory |       Module      | BRAM_18K| FF | LUT| URAM| Words| Bits| Banks| W*Bits*Banks|
    +---------+-------------------+---------+----+----+-----+------+-----+------+-------------+
    |a1_U     |cnn_top_axi_a1     |        1|   0|   0|    0|    32|   32|     1|         1024|
    |a3_U     |cnn_top_axi_a3     |        0|  64|   4|    0|     8|   32|     1|          256|
    |c1_U     |cnn_top_axi_c1     |        4|   0|   0|    0|  1424|   32|     1|        45568|
    |c2_U     |cnn_top_axi_c2     |        4|   0|   0|    0|  1068|   32|     1|        34176|
    |f2_U     |cnn_top_axi_f2     |        0|  64|   8|    0|    16|   32|     1|          512|
    |a2_U     |cnn_top_axi_f2     |        0|  64|   8|    0|    16|   32|     1|          512|
    |f3_U     |cnn_top_axi_f3     |        0|  64|   4|    0|     8|   32|     1|          256|
    |fc2_b_U  |cnn_top_axi_fc2_b  |        0|  32|   8|    0|    16|   32|     1|          512|
    |fc2_w_U  |cnn_top_axi_fc2_w  |        1|   0|   0|    0|   512|   32|     1|        16384|
    |fc3_b_U  |cnn_top_axi_fc3_b  |        0|  32|   4|    0|     8|   32|     1|          256|
    |fc3_w_U  |cnn_top_axi_fc3_w  |        1|   0|   0|    0|   128|   32|     1|         4096|
    |p1_U     |cnn_top_axi_p1     |        2|   0|   0|    0|   712|   32|     1|        22784|
    |p2_U     |cnn_top_axi_p2     |        2|   0|   0|    0|   528|   32|     1|        16896|
    |flat_U   |cnn_top_axi_p2     |        2|   0|   0|    0|   528|   32|     1|        16896|
    |r1_U     |cnn_top_axi_r1     |        4|   0|   0|    0|  1424|   32|     1|        45568|
    |r2_U     |cnn_top_axi_r2     |        4|   0|   0|    0|  1068|   32|     1|        34176|
    |x0_U     |cnn_top_axi_x0     |        1|   0|   0|    0|   178|   32|     1|         5696|
    +---------+-------------------+---------+----+----+-----+------+-----+------+-------------+
    |Total    |                   |       26| 320|  36|    0|  7674|  544|    17|       245568|
    +---------+-------------------+---------+----+----+-----+------+-----+------+-------------+

    * FIFO: 
    N/A

    * Expression: 
    +---------------------------------+----------+-------+---+----+------------+------------+
    |          Variable Name          | Operation| DSP48E| FF| LUT| Bitwidth P0| Bitwidth P1|
    +---------------------------------+----------+-------+---+----+------------+------------+
    |add_ln100_fu_2261_p2             |     +    |      0|  0|  14|          10|           1|
    |add_ln106_1_fu_2273_p2           |     +    |      0|  0|  14|          10|           4|
    |add_ln106_2_fu_2360_p2           |     +    |      0|  0|  11|          11|          11|
    |add_ln106_fu_2317_p2             |     +    |      0|  0|  14|          10|           1|
    |add_ln156_fu_2662_p2             |     +    |      0|  0|  13|          11|          11|
    |add_ln171_fu_2789_p2             |     +    |      0|  0|  15|           9|           9|
    |add_ln28_fu_1425_p2              |     +    |      0|  0|  13|          11|           1|
    |add_ln32_fu_1475_p2              |     +    |      0|  0|  12|          12|          12|
    |add_ln37_fu_1546_p2              |     +    |      0|  0|  14|          10|           1|
    |add_ln44_fu_1647_p2              |     +    |      0|  0|  12|          12|          12|
    |add_ln45_fu_1775_p2              |     +    |      0|  0|  13|          11|          11|
    |add_ln76_fu_1792_p2              |     +    |      0|  0|  13|          11|           1|
    |add_ln80_fu_1863_p2              |     +    |      0|  0|  11|          12|          12|
    |add_ln85_fu_1948_p2              |     +    |      0|  0|  14|          10|           1|
    |add_ln90_fu_2088_p2              |     +    |      0|  0|  17|          13|          13|
    |add_ln91_fu_2099_p2              |     +    |      0|  0|  17|          13|          13|
    |add_ln92_fu_2244_p2              |     +    |      0|  0|  11|          11|          11|
    |c_1_fu_1486_p2                   |     +    |      0|  0|  13|           1|           4|
    |c_2_fu_1726_p2                   |     +    |      0|  0|  13|           1|           4|
    |c_3_fu_1826_p2                   |     +    |      0|  0|  13|           1|           4|
    |c_4_fu_2118_p2                   |     +    |      0|  0|  13|           1|           4|
    |c_fu_2323_p2                     |     +    |      0|  0|  13|           4|           1|
    |i_1_fu_1552_p2                   |     +    |      0|  0|  15|           1|           7|
    |i_2_fu_1954_p2                   |     +    |      0|  0|  15|           1|           6|
    |i_3_fu_2509_p2                   |     +    |      0|  0|  15|           6|           1|
    |i_4_fu_2678_p2                   |     +    |      0|  0|  15|           5|           1|
    |i_5_fu_2647_p2                   |     +    |      0|  0|  15|           6|           1|
    |i_6_fu_2805_p2                   |     +    |      0|  0|  13|           4|           1|
    |i_7_fu_2774_p2                   |     +    |      0|  0|  15|           5|           1|
    |i_8_fu_3066_p2                   |     +    |      0|  0|  10|           2|           1|
    |i_9_fu_3105_p2                   |     +    |      0|  0|  10|           2|           1|
    |i_fu_1403_p2                     |     +    |      0|  0|  15|           8|           1|
    |n_2_fu_1431_p2                   |     +    |      0|  0|  15|           1|           8|
    |n_4_fu_1798_p2                   |     +    |      0|  0|  15|           1|           7|
    |n_fu_2267_p2                     |     +    |      0|  0|  15|           6|           1|
    |o_1_fu_2744_p2                   |     +    |      0|  0|  13|           4|           1|
    |o_2_fu_2871_p2                   |     +    |      0|  0|  10|           2|           1|
    |o_fu_2617_p2                     |     +    |      0|  0|  15|           5|           1|
    |sub_ln106_fu_2351_p2             |     -    |      0|  0|  11|          11|          11|
    |sub_ln80_fu_1854_p2              |     -    |      0|  0|  11|          12|          12|
    |sub_ln90_fu_2017_p2              |     -    |      0|  0|  12|          12|          12|
    |sub_ln91_fu_2069_p2              |     -    |      0|  0|  12|          12|          12|
    |sub_ln92_fu_2235_p2              |     -    |      0|  0|  11|          11|          11|
    |and_ln193_1_fu_2724_p2           |    and   |      0|  0|   2|           1|           1|
    |and_ln193_2_fu_2851_p2           |    and   |      0|  0|   2|           1|           1|
    |and_ln193_fu_2593_p2             |    and   |      0|  0|   2|           1|           1|
    |and_ln204_1_fu_3046_p2           |    and   |      0|  0|   2|           1|           1|
    |and_ln204_fu_3040_p2             |    and   |      0|  0|   2|           1|           1|
    |and_ln222_1_fu_3216_p2           |    and   |      0|  0|   2|           1|           1|
    |and_ln222_fu_3210_p2             |    and   |      0|  0|   2|           1|           1|
    |and_ln32_fu_1527_p2              |    and   |      0|  0|   2|           1|           1|
    |and_ln45_1_fu_1745_p2            |    and   |      0|  0|   2|           1|           1|
    |and_ln45_fu_1739_p2              |    and   |      0|  0|   2|           1|           1|
    |and_ln80_fu_1909_p2              |    and   |      0|  0|   2|           1|           1|
    |and_ln92_1_fu_2197_p2            |    and   |      0|  0|   2|           1|           1|
    |and_ln92_fu_2191_p2              |    and   |      0|  0|   2|           1|           1|
    |ap_block_state2                  |    and   |      0|  0|   2|           1|           1|
    |s_in_V_data_0_load_A             |    and   |      0|  0|   2|           1|           1|
    |s_in_V_data_0_load_B             |    and   |      0|  0|   2|           1|           1|
    |s_out_V_data_1_load_A            |    and   |      0|  0|   2|           1|           1|
    |s_out_V_data_1_load_B            |    and   |      0|  0|   2|           1|           1|
    |s_out_V_last_V_1_load_A          |    and   |      0|  0|   2|           1|           1|
    |s_out_V_last_V_1_load_B          |    and   |      0|  0|   2|           1|           1|
    |icmp_ln100_fu_2255_p2            |   icmp   |      0|  0|  13|          10|          10|
    |icmp_ln102_fu_2279_p2            |   icmp   |      0|  0|   9|           4|           4|
    |icmp_ln149_fu_2611_p2            |   icmp   |      0|  0|  11|           5|           6|
    |icmp_ln152_fu_2641_p2            |   icmp   |      0|  0|  11|           6|           7|
    |icmp_ln164_fu_2738_p2            |   icmp   |      0|  0|  11|           4|           5|
    |icmp_ln167_fu_2768_p2            |   icmp   |      0|  0|  11|           5|           6|
    |icmp_ln179_fu_2865_p2            |   icmp   |      0|  0|   9|           2|           3|
    |icmp_ln189_1_fu_2672_p2          |   icmp   |      0|  0|  11|           5|           6|
    |icmp_ln189_2_fu_2799_p2          |   icmp   |      0|  0|  11|           4|           5|
    |icmp_ln189_fu_2503_p2            |   icmp   |      0|  0|  11|           6|           7|
    |icmp_ln193_1_fu_2581_p2          |   icmp   |      0|  0|  18|          23|           1|
    |icmp_ln193_2_fu_2706_p2          |   icmp   |      0|  0|  11|           8|           2|
    |icmp_ln193_3_fu_2712_p2          |   icmp   |      0|  0|  18|          23|           1|
    |icmp_ln193_4_fu_2833_p2          |   icmp   |      0|  0|  11|           8|           2|
    |icmp_ln193_5_fu_2839_p2          |   icmp   |      0|  0|  18|          23|           1|
    |icmp_ln193_fu_2575_p2            |   icmp   |      0|  0|  11|           8|           2|
    |icmp_ln204_1_fu_3010_p2          |   icmp   |      0|  0|  18|          23|           1|
    |icmp_ln204_2_fu_3022_p2          |   icmp   |      0|  0|  11|           8|           2|
    |icmp_ln204_3_fu_3028_p2          |   icmp   |      0|  0|  18|          23|           1|
    |icmp_ln204_fu_3004_p2            |   icmp   |      0|  0|  11|           8|           2|
    |icmp_ln207_fu_3060_p2            |   icmp   |      0|  0|   9|           2|           3|
    |icmp_ln213_fu_3099_p2            |   icmp   |      0|  0|   9|           2|           3|
    |icmp_ln222_1_fu_3180_p2          |   icmp   |      0|  0|  18|          23|           1|
    |icmp_ln222_2_fu_3192_p2          |   icmp   |      0|  0|  11|           8|           2|
    |icmp_ln222_3_fu_3198_p2          |   icmp   |      0|  0|  18|          23|           1|
    |icmp_ln222_fu_3174_p2            |   icmp   |      0|  0|  11|           8|           2|
    |icmp_ln254_fu_1397_p2            |   icmp   |      0|  0|  11|           8|           8|
    |icmp_ln28_fu_1419_p2             |   icmp   |      0|  0|  13|          11|          11|
    |icmp_ln30_fu_1437_p2             |   icmp   |      0|  0|  11|           4|           5|
    |icmp_ln32_1_fu_1515_p2           |   icmp   |      0|  0|  18|          23|           1|
    |icmp_ln32_fu_1509_p2             |   icmp   |      0|  0|  11|           8|           2|
    |icmp_ln37_fu_1540_p2             |   icmp   |      0|  0|  13|          10|          10|
    |icmp_ln41_fu_1558_p2             |   icmp   |      0|  0|  11|           4|           5|
    |icmp_ln44_1_fu_1594_p2           |   icmp   |      0|  0|  11|           7|           7|
    |icmp_ln44_fu_1588_p2             |   icmp   |      0|  0|  11|           7|           7|
    |icmp_ln45_1_fu_1708_p2           |   icmp   |      0|  0|  18|          23|           1|
    |icmp_ln45_2_fu_1714_p2           |   icmp   |      0|  0|  11|           8|           2|
    |icmp_ln45_3_fu_1720_p2           |   icmp   |      0|  0|  18|          23|           1|
    |icmp_ln45_fu_1702_p2             |   icmp   |      0|  0|  11|           8|           2|
    |icmp_ln76_fu_1786_p2             |   icmp   |      0|  0|  13|          11|          11|
    |icmp_ln78_fu_1804_p2             |   icmp   |      0|  0|   9|           4|           4|
    |icmp_ln80_1_fu_1897_p2           |   icmp   |      0|  0|  18|          23|           1|
    |icmp_ln80_fu_1891_p2             |   icmp   |      0|  0|  11|           8|           2|
    |icmp_ln85_fu_1942_p2             |   icmp   |      0|  0|  13|          10|          10|
    |icmp_ln88_fu_1960_p2             |   icmp   |      0|  0|   9|           4|           4|
    |icmp_ln91_1_fu_2027_p2           |   icmp   |      0|  0|  11|           7|           7|
    |icmp_ln91_fu_1936_p2             |   icmp   |      0|  0|  11|           7|           7|
    |icmp_ln92_1_fu_2165_p2           |   icmp   |      0|  0|  18|          23|           1|
    |icmp_ln92_2_fu_2171_p2           |   icmp   |      0|  0|  11|           8|           2|
    |icmp_ln92_3_fu_2177_p2           |   icmp   |      0|  0|  18|          23|           1|
    |icmp_ln92_fu_2159_p2             |   icmp   |      0|  0|  11|           8|           2|
    |s_in_V_data_0_state_cmp_full     |   icmp   |      0|  0|   8|           2|           1|
    |s_out_V_data_1_state_cmp_full    |   icmp   |      0|  0|   8|           2|           1|
    |s_out_V_last_V_1_state_cmp_full  |   icmp   |      0|  0|   8|           2|           1|
    |ap_block_state173                |    or    |      0|  0|   2|           1|           1|
    |b_fu_1930_p2                     |    or    |      0|  0|   7|           1|           7|
    |or_ln193_1_fu_2718_p2            |    or    |      0|  0|   2|           1|           1|
    |or_ln193_2_fu_2845_p2            |    or    |      0|  0|   2|           1|           1|
    |or_ln193_fu_2587_p2              |    or    |      0|  0|   2|           1|           1|
    |or_ln204_1_fu_3034_p2            |    or    |      0|  0|   2|           1|           1|
    |or_ln204_fu_3016_p2              |    or    |      0|  0|   2|           1|           1|
    |or_ln222_1_fu_3204_p2            |    or    |      0|  0|   2|           1|           1|
    |or_ln222_fu_3186_p2              |    or    |      0|  0|   2|           1|           1|
    |or_ln32_fu_1521_p2               |    or    |      0|  0|   2|           1|           1|
    |or_ln37_fu_1608_p2               |    or    |      0|  0|   8|           8|           1|
    |or_ln45_1_fu_1735_p2             |    or    |      0|  0|   2|           1|           1|
    |or_ln45_fu_1731_p2               |    or    |      0|  0|   2|           1|           1|
    |or_ln80_fu_1903_p2               |    or    |      0|  0|   2|           1|           1|
    |or_ln87_fu_1981_p2               |    or    |      0|  0|   7|           1|           7|
    |or_ln92_1_fu_2187_p2             |    or    |      0|  0|   2|           1|           1|
    |or_ln92_fu_2183_p2               |    or    |      0|  0|   2|           1|           1|
    |a2_d0                            |  select  |      0|  0|  32|           1|          32|
    |a3_d0                            |  select  |      0|  0|  32|           1|          32|
    |acc_7_fu_2890_p3                 |  select  |      0|  0|  32|           1|          32|
    |grp_fu_1322_p0                   |  select  |      0|  0|  32|           1|          32|
    |grp_fu_1326_p0                   |  select  |      0|  0|  32|           1|          30|
    |grp_fu_1330_p0                   |  select  |      0|  0|  32|           1|          30|
    |grp_fu_1334_p0                   |  select  |      0|  0|  32|           1|          32|
    |grp_fu_1338_p0                   |  select  |      0|  0|  30|           1|          30|
    |grp_fu_1342_p0                   |  select  |      0|  0|  32|           1|          30|
    |grp_fu_1346_p0                   |  select  |      0|  0|  32|           1|          30|
    |m_1_fu_3052_p3                   |  select  |      0|  0|  32|           1|          32|
    |select_ln100_fu_2309_p3          |  select  |      0|  0|  10|           1|          10|
    |select_ln106_1_fu_2293_p3        |  select  |      0|  0|   4|           1|           1|
    |select_ln106_2_fu_2301_p3        |  select  |      0|  0|   6|           1|           6|
    |select_ln106_fu_2285_p3          |  select  |      0|  0|  10|           1|          10|
    |select_ln183_fu_2881_p3          |  select  |      0|  0|  32|           1|          32|
    |select_ln184_1_fu_2961_p3        |  select  |      0|  0|  32|           1|          32|
    |select_ln184_fu_2954_p3          |  select  |      0|  0|  32|           1|          32|
    |select_ln193_fu_2599_p3          |  select  |      0|  0|  32|           1|          32|
    |select_ln211_1_fu_3092_p3        |  select  |      0|  0|  32|           1|          32|
    |select_ln211_2_fu_3076_p3        |  select  |      0|  0|  32|           1|          32|
    |select_ln211_fu_3085_p3          |  select  |      0|  0|  32|           1|          32|
    |select_ln217_1_fu_3124_p3        |  select  |      0|  0|  32|           1|          32|
    |select_ln217_2_fu_3131_p3        |  select  |      0|  0|  32|           1|          32|
    |select_ln217_fu_3115_p3          |  select  |      0|  0|  32|           1|          32|
    |select_ln32_1_fu_1443_p3         |  select  |      0|  0|   4|           1|           1|
    |select_ln32_2_fu_1451_p3         |  select  |      0|  0|   8|           1|           8|
    |select_ln32_fu_1533_p3           |  select  |      0|  0|  32|           1|          32|
    |select_ln37_1_fu_1572_p3         |  select  |      0|  0|   7|           1|           7|
    |select_ln37_2_fu_1600_p3         |  select  |      0|  0|   2|           1|           1|
    |select_ln37_fu_1564_p3           |  select  |      0|  0|   4|           1|           1|
    |select_ln44_fu_1653_p3           |  select  |      0|  0|  12|           1|          12|
    |select_ln45_fu_1751_p3           |  select  |      0|  0|  12|           1|          12|
    |select_ln80_1_fu_1810_p3         |  select  |      0|  0|   4|           1|           1|
    |select_ln80_2_fu_1818_p3         |  select  |      0|  0|   7|           1|           7|
    |select_ln80_fu_1915_p3           |  select  |      0|  0|  32|           1|          32|
    |select_ln85_1_fu_1987_p3         |  select  |      0|  0|   7|           1|           7|
    |select_ln85_2_fu_2033_p3         |  select  |      0|  0|   2|           1|           1|
    |select_ln85_3_fu_2039_p3         |  select  |      0|  0|   7|           1|           7|
    |select_ln85_4_fu_2079_p3         |  select  |      0|  0|   6|           1|           6|
    |select_ln85_fu_1966_p3           |  select  |      0|  0|   4|           1|           1|
    |select_ln91_fu_2105_p3           |  select  |      0|  0|  13|           1|          13|
    |select_ln92_fu_2203_p3           |  select  |      0|  0|  13|           1|          13|
    |ap_enable_pp0                    |    xor   |      0|  0|   2|           1|           2|
    |ap_enable_pp1                    |    xor   |      0|  0|   2|           1|           2|
    |ap_enable_pp10                   |    xor   |      0|  0|   2|           1|           2|
    |ap_enable_pp11                   |    xor   |      0|  0|   2|           1|           2|
    |ap_enable_pp2                    |    xor   |      0|  0|   2|           1|           2|
    |ap_enable_pp3                    |    xor   |      0|  0|   2|           1|           2|
    |ap_enable_pp4                    |    xor   |      0|  0|   2|           1|           2|
    |ap_enable_pp5                    |    xor   |      0|  0|   2|           1|           2|
    |ap_enable_pp6                    |    xor   |      0|  0|   2|           1|           2|
    |ap_enable_pp7                    |    xor   |      0|  0|   2|           1|           2|
    |ap_enable_pp8                    |    xor   |      0|  0|   2|           1|           2|
    |ap_enable_pp9                    |    xor   |      0|  0|   2|           1|           2|
    |ap_enable_reg_pp0_iter1          |    xor   |      0|  0|   2|           2|           1|
    |ap_enable_reg_pp10_iter1         |    xor   |      0|  0|   2|           2|           1|
    |ap_enable_reg_pp2_iter1          |    xor   |      0|  0|   2|           2|           1|
    |ap_enable_reg_pp4_iter1          |    xor   |      0|  0|   2|           2|           1|
    |ap_enable_reg_pp5_iter1          |    xor   |      0|  0|   2|           2|           1|
    |ap_enable_reg_pp7_iter1          |    xor   |      0|  0|   2|           2|           1|
    |ap_enable_reg_pp9_iter1          |    xor   |      0|  0|   2|           2|           1|
    +---------------------------------+----------+-------+---+----+------------+------------+
    |Total                            |          |      0|  0|2249|         983|        1374|
    +---------------------------------+----------+-------+---+----+------------+------------+

    * Multiplexer: 
    +-------------------------------------------+-----+-----------+-----+-----------+
    |                    Name                   | LUT | Input Size| Bits| Total Bits|
    +-------------------------------------------+-----+-----------+-----+-----------+
    |a1_address0                                |   15|          3|    5|         15|
    |a2_address0                                |   15|          3|    4|         12|
    |a3_address0                                |   33|          6|    3|         18|
    |a3_address1                                |   27|          5|    3|         15|
    |acc_0_i76_reg_1045                         |    9|          2|   32|         64|
    |acc_0_i_reg_1001                           |    9|          2|   32|         64|
    |ap_NS_fsm                                  |  357|         81|    1|         81|
    |ap_enable_reg_pp0_iter1                    |    9|          2|    1|          2|
    |ap_enable_reg_pp0_iter3                    |    9|          2|    1|          2|
    |ap_enable_reg_pp10_iter1                   |    9|          2|    1|          2|
    |ap_enable_reg_pp10_iter43                  |    9|          2|    1|          2|
    |ap_enable_reg_pp11_iter3                   |    9|          2|    1|          2|
    |ap_enable_reg_pp1_iter2                    |    9|          2|    1|          2|
    |ap_enable_reg_pp2_iter1                    |    9|          2|    1|          2|
    |ap_enable_reg_pp2_iter4                    |    9|          2|    1|          2|
    |ap_enable_reg_pp3_iter2                    |    9|          2|    1|          2|
    |ap_enable_reg_pp4_iter1                    |    9|          2|    1|          2|
    |ap_enable_reg_pp4_iter2                    |    9|          2|    1|          2|
    |ap_enable_reg_pp5_iter1                    |    9|          2|    1|          2|
    |ap_enable_reg_pp5_iter2                    |    9|          2|    1|          2|
    |ap_enable_reg_pp6_iter2                    |    9|          2|    1|          2|
    |ap_enable_reg_pp7_iter1                    |    9|          2|    1|          2|
    |ap_enable_reg_pp7_iter2                    |    9|          2|    1|          2|
    |ap_enable_reg_pp8_iter2                    |    9|          2|    1|          2|
    |ap_enable_reg_pp9_iter1                    |    9|          2|    1|          2|
    |ap_enable_reg_pp9_iter2                    |    9|          2|    1|          2|
    |ap_phi_mux_acc_0_i76_phi_fu_1048_p4        |    9|          2|   32|         64|
    |ap_phi_mux_acc_0_i_phi_fu_1004_p4          |    9|          2|   32|         64|
    |ap_phi_mux_c_0_i13_phi_fu_848_p4           |    9|          2|    4|          8|
    |ap_phi_mux_c_0_i37_phi_fu_915_p4           |    9|          2|    4|          8|
    |ap_phi_mux_i1_0_i_phi_fu_1152_p4           |    9|          2|    2|          4|
    |ap_phi_mux_i_0_i11_phi_fu_837_p4           |    9|          2|    7|         14|
    |ap_phi_mux_i_0_i33_phi_fu_903_p4           |    9|          2|    6|         12|
    |ap_phi_mux_i_0_i59_phi_fu_1015_p4          |    9|          2|    6|         12|
    |ap_phi_mux_i_0_i77_phi_fu_1059_p4          |    9|          2|    5|         10|
    |ap_phi_mux_i_0_i_phi_fu_981_p4             |    9|          2|    6|         12|
    |ap_phi_mux_indvar_flatten25_phi_fu_892_p4  |    9|          2|   10|         20|
    |ap_phi_mux_indvar_flatten6_phi_fu_826_p4   |    9|          2|   10|         20|
    |ap_phi_mux_n_0_i1_phi_fu_804_p4            |    9|          2|    8|         16|
    |ap_phi_mux_n_0_i20_phi_fu_870_p4           |    9|          2|    7|         14|
    |ap_phi_mux_n_0_i_phi_fu_948_p4             |    9|          2|    6|         12|
    |ap_phi_mux_p23_0_i_phi_fu_1128_p4          |    9|          2|   32|         64|
    |ap_phi_mux_p_0_i_phi_fu_1116_p4            |    9|          2|   32|         64|
    |c1_address0                                |   15|          3|   11|         33|
    |c1_ce0                                     |   15|          3|    1|          3|
    |c1_we0                                     |    9|          2|    1|          2|
    |c2_address0                                |   15|          3|   11|         33|
    |c2_ce0                                     |   15|          3|    1|          3|
    |c2_we0                                     |    9|          2|    1|          2|
    |c_0_i13_reg_844                            |    9|          2|    4|          8|
    |c_0_i22_reg_877                            |    9|          2|    4|          8|
    |c_0_i2_reg_811                             |    9|          2|    4|          8|
    |c_0_i37_reg_911                            |    9|          2|    4|          8|
    |c_0_i_reg_966                              |    9|          2|    4|          8|
    |f2_address0                                |   15|          3|    4|         12|
    |f3_address0                                |   15|          3|    3|          9|
    |flat_address0                              |   15|          3|   10|         30|
    |flat_ce0                                   |   15|          3|    1|          3|
    |grp_fu_1283_opcode                         |   15|          3|    2|          6|
    |grp_fu_1283_p0                             |   33|          6|   32|        192|
    |grp_fu_1283_p1                             |   21|          4|   32|        128|
    |grp_fu_1318_p0                             |   27|          5|   32|        160|
    |grp_fu_1318_p1                             |   27|          5|   32|        160|
    |grp_fu_1360_p0                             |   47|         10|   32|        320|
    |grp_fu_1360_p1                             |   33|          6|   32|        192|
    |i1_0_i_reg_1148                            |    9|          2|    2|          4|
    |i2_0_i_reg_1183                            |    9|          2|    2|          4|
    |i_0_i11_reg_833                            |    9|          2|    7|         14|
    |i_0_i33_reg_899                            |    9|          2|    6|         12|
    |i_0_i59_reg_1011                           |    9|          2|    6|         12|
    |i_0_i64_reg_1022                           |    9|          2|    5|         10|
    |i_0_i77_reg_1055                           |    9|          2|    5|         10|
    |i_0_i83_reg_1066                           |    9|          2|    4|          8|
    |i_0_i_reg_977                              |    9|          2|    6|         12|
    |i_0_reg_778                                |    9|          2|    8|         16|
    |indvar_flatten13_reg_855                   |    9|          2|   11|         22|
    |indvar_flatten25_reg_888                   |    9|          2|   10|         20|
    |indvar_flatten33_reg_922                   |    9|          2|   10|         20|
    |indvar_flatten6_reg_822                    |    9|          2|   10|         20|
    |indvar_flatten_reg_789                     |    9|          2|   11|         22|
    |n_0_i1_reg_800                             |    9|          2|    8|         16|
    |n_0_i20_reg_866                            |    9|          2|    7|         14|
    |n_0_i_reg_944                              |    9|          2|    6|         12|
    |o_0_i73_reg_1033                           |    9|          2|    4|          8|
    |o_0_i93_reg_1101                           |    9|          2|    2|          4|
    |o_0_i_reg_989                              |    9|          2|    5|         10|
    |p1_address0                                |   15|          3|   10|         30|
    |p1_ce0                                     |   15|          3|    1|          3|
    |p2_address0                                |   15|          3|   10|         30|
    |probs_0_reg_1159                           |    9|          2|   32|         64|
    |probs_1_reg_1171                           |    9|          2|   32|         64|
    |r1_address0                                |   15|          3|   11|         33|
    |r1_address1                                |   15|          3|   11|         33|
    |r2_address0                                |   21|          4|   11|         44|
    |s_0_i_reg_1136                             |    9|          2|   32|         64|
    |s_in_TDATA_blk_n                           |    9|          2|    1|          2|
    |s_in_V_data_0_data_out                     |    9|          2|   32|         64|
    |s_in_V_data_0_state                        |   15|          3|    2|          6|
    |s_in_V_last_V_0_state                      |   15|          3|    2|          6|
    |s_out_TDATA_blk_n                          |    9|          2|    1|          2|
    |s_out_V_data_1_data_in                     |   21|          4|   32|        128|
    |s_out_V_data_1_data_out                    |    9|          2|   32|         64|
    |s_out_V_data_1_state                       |   15|          3|    2|          6|
    |s_out_V_last_V_1_data_in                   |   15|          3|    1|          3|
    |s_out_V_last_V_1_data_out                  |    9|          2|    1|          2|
    |s_out_V_last_V_1_state                     |   15|          3|    2|          6|
    |t_0_i_reg_933                              |    9|          2|   10|         20|
    |t_1_i_reg_955                              |    9|          2|   10|         20|
    |x0_address0                                |   15|          3|    8|         24|
    |x0_ce0                                     |   15|          3|    1|          3|
    +-------------------------------------------+-----+-----------+-----+-----------+
    |Total                                      | 1676|        357|  988|       3044|
    +-------------------------------------------+-----+-----------+-----+-----------+

    * Register: 
    +-------------------------------------------+----+----+-----+-----------+
    |                    Name                   | FF | LUT| Bits| Const Bits|
    +-------------------------------------------+----+----+-----+-----------+
    |a1_load_reg_3806                           |  32|   0|   32|          0|
    |a2_load_reg_3890                           |  32|   0|   32|          0|
    |a3_load_1_reg_3936                         |  32|   0|   32|          0|
    |a3_load_2_reg_3951                         |  32|   0|   32|          0|
    |a3_load_3_reg_3956                         |  32|   0|   32|          0|
    |a3_load_4_reg_3971                         |  32|   0|   32|          0|
    |a3_load_5_reg_3976                         |  32|   0|   32|          0|
    |a3_load_6_reg_3991                         |  32|   0|   32|          0|
    |a3_load_7_reg_3996                         |  32|   0|   32|          0|
    |a3_load_reg_3931                           |  32|   0|   32|          0|
    |a_reg_3409                                 |   6|   0|    7|          1|
    |acc_0_i76_reg_1045                         |  32|   0|   32|          0|
    |acc_0_i_reg_1001                           |  32|   0|   32|          0|
    |acc_1_1_i_reg_4049                         |  32|   0|   32|          0|
    |acc_1_2_i_reg_4064                         |  32|   0|   32|          0|
    |acc_1_3_i_reg_4079                         |  32|   0|   32|          0|
    |acc_1_4_i_reg_4094                         |  32|   0|   32|          0|
    |acc_1_5_i_reg_4109                         |  32|   0|   32|          0|
    |acc_1_6_i_reg_4124                         |  32|   0|   32|          0|
    |add_ln37_reg_3279                          |  10|   0|   10|          0|
    |add_ln85_reg_3428                          |  10|   0|   10|          0|
    |add_ln90_reg_3461                          |  13|   0|   13|          0|
    |and_ln222_1_reg_4223                       |   1|   0|    1|          0|
    |ap_CS_fsm                                  |  80|   0|   80|          0|
    |ap_enable_reg_pp0_iter0                    |   1|   0|    1|          0|
    |ap_enable_reg_pp0_iter1                    |   1|   0|    1|          0|
    |ap_enable_reg_pp0_iter2                    |   1|   0|    1|          0|
    |ap_enable_reg_pp0_iter3                    |   1|   0|    1|          0|
    |ap_enable_reg_pp10_iter0                   |   1|   0|    1|          0|
    |ap_enable_reg_pp10_iter1                   |   1|   0|    1|          0|
    |ap_enable_reg_pp10_iter10                  |   1|   0|    1|          0|
    |ap_enable_reg_pp10_iter11                  |   1|   0|    1|          0|
    |ap_enable_reg_pp10_iter12                  |   1|   0|    1|          0|
    |ap_enable_reg_pp10_iter13                  |   1|   0|    1|          0|
    |ap_enable_reg_pp10_iter14                  |   1|   0|    1|          0|
    |ap_enable_reg_pp10_iter15                  |   1|   0|    1|          0|
    |ap_enable_reg_pp10_iter16                  |   1|   0|    1|          0|
    |ap_enable_reg_pp10_iter17                  |   1|   0|    1|          0|
    |ap_enable_reg_pp10_iter18                  |   1|   0|    1|          0|
    |ap_enable_reg_pp10_iter19                  |   1|   0|    1|          0|
    |ap_enable_reg_pp10_iter2                   |   1|   0|    1|          0|
    |ap_enable_reg_pp10_iter20                  |   1|   0|    1|          0|
    |ap_enable_reg_pp10_iter21                  |   1|   0|    1|          0|
    |ap_enable_reg_pp10_iter22                  |   1|   0|    1|          0|
    |ap_enable_reg_pp10_iter23                  |   1|   0|    1|          0|
    |ap_enable_reg_pp10_iter24                  |   1|   0|    1|          0|
    |ap_enable_reg_pp10_iter25                  |   1|   0|    1|          0|
    |ap_enable_reg_pp10_iter26                  |   1|   0|    1|          0|
    |ap_enable_reg_pp10_iter27                  |   1|   0|    1|          0|
    |ap_enable_reg_pp10_iter28                  |   1|   0|    1|          0|
    |ap_enable_reg_pp10_iter29                  |   1|   0|    1|          0|
    |ap_enable_reg_pp10_iter3                   |   1|   0|    1|          0|
    |ap_enable_reg_pp10_iter30                  |   1|   0|    1|          0|
    |ap_enable_reg_pp10_iter31                  |   1|   0|    1|          0|
    |ap_enable_reg_pp10_iter32                  |   1|   0|    1|          0|
    |ap_enable_reg_pp10_iter33                  |   1|   0|    1|          0|
    |ap_enable_reg_pp10_iter34                  |   1|   0|    1|          0|
    |ap_enable_reg_pp10_iter35                  |   1|   0|    1|          0|
    |ap_enable_reg_pp10_iter36                  |   1|   0|    1|          0|
    |ap_enable_reg_pp10_iter37                  |   1|   0|    1|          0|
    |ap_enable_reg_pp10_iter38                  |   1|   0|    1|          0|
    |ap_enable_reg_pp10_iter39                  |   1|   0|    1|          0|
    |ap_enable_reg_pp10_iter4                   |   1|   0|    1|          0|
    |ap_enable_reg_pp10_iter40                  |   1|   0|    1|          0|
    |ap_enable_reg_pp10_iter41                  |   1|   0|    1|          0|
    |ap_enable_reg_pp10_iter42                  |   1|   0|    1|          0|
    |ap_enable_reg_pp10_iter43                  |   1|   0|    1|          0|
    |ap_enable_reg_pp10_iter5                   |   1|   0|    1|          0|
    |ap_enable_reg_pp10_iter6                   |   1|   0|    1|          0|
    |ap_enable_reg_pp10_iter7                   |   1|   0|    1|          0|
    |ap_enable_reg_pp10_iter8                   |   1|   0|    1|          0|
    |ap_enable_reg_pp10_iter9                   |   1|   0|    1|          0|
    |ap_enable_reg_pp11_iter0                   |   1|   0|    1|          0|
    |ap_enable_reg_pp11_iter1                   |   1|   0|    1|          0|
    |ap_enable_reg_pp11_iter2                   |   1|   0|    1|          0|
    |ap_enable_reg_pp11_iter3                   |   1|   0|    1|          0|
    |ap_enable_reg_pp1_iter0                    |   1|   0|    1|          0|
    |ap_enable_reg_pp1_iter1                    |   1|   0|    1|          0|
    |ap_enable_reg_pp1_iter2                    |   1|   0|    1|          0|
    |ap_enable_reg_pp2_iter0                    |   1|   0|    1|          0|
    |ap_enable_reg_pp2_iter1                    |   1|   0|    1|          0|
    |ap_enable_reg_pp2_iter2                    |   1|   0|    1|          0|
    |ap_enable_reg_pp2_iter3                    |   1|   0|    1|          0|
    |ap_enable_reg_pp2_iter4                    |   1|   0|    1|          0|
    |ap_enable_reg_pp3_iter0                    |   1|   0|    1|          0|
    |ap_enable_reg_pp3_iter1                    |   1|   0|    1|          0|
    |ap_enable_reg_pp3_iter2                    |   1|   0|    1|          0|
    |ap_enable_reg_pp4_iter0                    |   1|   0|    1|          0|
    |ap_enable_reg_pp4_iter1                    |   1|   0|    1|          0|
    |ap_enable_reg_pp4_iter2                    |   1|   0|    1|          0|
    |ap_enable_reg_pp5_iter0                    |   1|   0|    1|          0|
    |ap_enable_reg_pp5_iter1                    |   1|   0|    1|          0|
    |ap_enable_reg_pp5_iter2                    |   1|   0|    1|          0|
    |ap_enable_reg_pp6_iter0                    |   1|   0|    1|          0|
    |ap_enable_reg_pp6_iter1                    |   1|   0|    1|          0|
    |ap_enable_reg_pp6_iter2                    |   1|   0|    1|          0|
    |ap_enable_reg_pp7_iter0                    |   1|   0|    1|          0|
    |ap_enable_reg_pp7_iter1                    |   1|   0|    1|          0|
    |ap_enable_reg_pp7_iter2                    |   1|   0|    1|          0|
    |ap_enable_reg_pp8_iter0                    |   1|   0|    1|          0|
    |ap_enable_reg_pp8_iter1                    |   1|   0|    1|          0|
    |ap_enable_reg_pp8_iter2                    |   1|   0|    1|          0|
    |ap_enable_reg_pp9_iter0                    |   1|   0|    1|          0|
    |ap_enable_reg_pp9_iter1                    |   1|   0|    1|          0|
    |ap_enable_reg_pp9_iter2                    |   1|   0|    1|          0|
    |b_reg_3414                                 |   6|   0|    7|          1|
    |c1_load_reg_3263                           |  32|   0|   32|          0|
    |c2_load_reg_3397                           |  32|   0|   32|          0|
    |c_0_i13_reg_844                            |   4|   0|    4|          0|
    |c_0_i22_reg_877                            |   4|   0|    4|          0|
    |c_0_i2_reg_811                             |   4|   0|    4|          0|
    |c_0_i37_reg_911                            |   4|   0|    4|          0|
    |c_0_i_reg_966                              |   4|   0|    4|          0|
    |c_2_reg_3346                               |   4|   0|    4|          0|
    |c_4_reg_3481                               |   4|   0|    4|          0|
    |f1_0_reg_3572                              |  32|   0|   32|          0|
    |f1_10_reg_3622                             |  32|   0|   32|          0|
    |f1_11_reg_3627                             |  32|   0|   32|          0|
    |f1_12_reg_3632                             |  32|   0|   32|          0|
    |f1_13_reg_3637                             |  32|   0|   32|          0|
    |f1_14_reg_3642                             |  32|   0|   32|          0|
    |f1_15_reg_3647                             |  32|   0|   32|          0|
    |f1_16_reg_3652                             |  32|   0|   32|          0|
    |f1_17_reg_3657                             |  32|   0|   32|          0|
    |f1_18_reg_3662                             |  32|   0|   32|          0|
    |f1_19_reg_3667                             |  32|   0|   32|          0|
    |f1_1_reg_3577                              |  32|   0|   32|          0|
    |f1_20_reg_3672                             |  32|   0|   32|          0|
    |f1_21_reg_3677                             |  32|   0|   32|          0|
    |f1_22_reg_3682                             |  32|   0|   32|          0|
    |f1_23_reg_3687                             |  32|   0|   32|          0|
    |f1_24_reg_3692                             |  32|   0|   32|          0|
    |f1_25_reg_3697                             |  32|   0|   32|          0|
    |f1_26_reg_3702                             |  32|   0|   32|          0|
    |f1_27_reg_3707                             |  32|   0|   32|          0|
    |f1_28_reg_3712                             |  32|   0|   32|          0|
    |f1_29_reg_3717                             |  32|   0|   32|          0|
    |f1_2_reg_3582                              |  32|   0|   32|          0|
    |f1_30_reg_3722                             |  32|   0|   32|          0|
    |f1_31_reg_3727                             |  32|   0|   32|          0|
    |f1_3_reg_3587                              |  32|   0|   32|          0|
    |f1_4_reg_3592                              |  32|   0|   32|          0|
    |f1_5_reg_3597                              |  32|   0|   32|          0|
    |f1_6_reg_3602                              |  32|   0|   32|          0|
    |f1_7_reg_3607                              |  32|   0|   32|          0|
    |f1_8_reg_3612                              |  32|   0|   32|          0|
    |f1_9_reg_3617                              |  32|   0|   32|          0|
    |f2_addr_reg_3767                           |   4|   0|    4|          0|
    |f2_load_reg_3830                           |  32|   0|   32|          0|
    |f3_addr_reg_3851                           |   3|   0|    3|          0|
    |f3_load_reg_3914                           |  32|   0|   32|          0|
    |fc2_w_load_reg_3801                        |  32|   0|   32|          0|
    |fc3_w_load_reg_3885                        |  32|   0|   32|          0|
    |grp_conv1d_same_1in_fu_1273_ap_start_reg   |   1|   0|    1|          0|
    |grp_conv2_same_fixed_fu_1263_ap_start_reg  |   1|   0|    1|          0|
    |grp_dense_FC1_fu_1194_ap_start_reg         |   1|   0|    1|          0|
    |i1_0_i_reg_1148                            |   2|   0|    2|          0|
    |i2_0_i_reg_1183                            |   2|   0|    2|          0|
    |i_0_i11_reg_833                            |   7|   0|    7|          0|
    |i_0_i33_reg_899                            |   6|   0|    6|          0|
    |i_0_i59_reg_1011                           |   6|   0|    6|          0|
    |i_0_i64_reg_1022                           |   5|   0|    5|          0|
    |i_0_i77_reg_1055                           |   5|   0|    5|          0|
    |i_0_i83_reg_1066                           |   4|   0|    4|          0|
    |i_0_i_reg_977                              |   6|   0|    6|          0|
    |i_0_i_reg_977_pp5_iter1_reg                |   6|   0|    6|          0|
    |i_0_reg_778                                |   8|   0|    8|          0|
    |i_2_reg_3433                               |   6|   0|    6|          0|
    |i_3_reg_3736                               |   6|   0|    6|          0|
    |i_5_reg_3786                               |   6|   0|    6|          0|
    |i_7_reg_3870                               |   5|   0|    5|          0|
    |i_8_reg_4153                               |   2|   0|    2|          0|
    |i_9_reg_4197                               |   2|   0|    2|          0|
    |icmp_ln100_reg_3526                        |   1|   0|    1|          0|
    |icmp_ln100_reg_3526_pp4_iter1_reg          |   1|   0|    1|          0|
    |icmp_ln152_reg_3782                        |   1|   0|    1|          0|
    |icmp_ln167_reg_3866                        |   1|   0|    1|          0|
    |icmp_ln179_reg_4001                        |   1|   0|    1|          0|
    |icmp_ln189_1_reg_3811                      |   1|   0|    1|          0|
    |icmp_ln189_1_reg_3811_pp7_iter1_reg        |   1|   0|    1|          0|
    |icmp_ln189_2_reg_3895                      |   1|   0|    1|          0|
    |icmp_ln189_2_reg_3895_pp9_iter1_reg        |   1|   0|    1|          0|
    |icmp_ln189_reg_3732                        |   1|   0|    1|          0|
    |icmp_ln189_reg_3732_pp5_iter1_reg          |   1|   0|    1|          0|
    |icmp_ln207_reg_4149                        |   1|   0|    1|          0|
    |icmp_ln28_reg_3234                         |   1|   0|    1|          0|
    |icmp_ln37_reg_3275                         |   1|   0|    1|          0|
    |icmp_ln37_reg_3275_pp1_iter1_reg           |   1|   0|    1|          0|
    |icmp_ln45_1_reg_3331                       |   1|   0|    1|          0|
    |icmp_ln45_2_reg_3336                       |   1|   0|    1|          0|
    |icmp_ln45_3_reg_3341                       |   1|   0|    1|          0|
    |icmp_ln45_reg_3326                         |   1|   0|    1|          0|
    |icmp_ln76_reg_3361                         |   1|   0|    1|          0|
    |icmp_ln85_reg_3424                         |   1|   0|    1|          0|
    |icmp_ln88_reg_3439                         |   1|   0|    1|          0|
    |icmp_ln91_reg_3419                         |   1|   0|    1|          0|
    |icmp_ln92_1_reg_3501                       |   1|   0|    1|          0|
    |icmp_ln92_2_reg_3506                       |   1|   0|    1|          0|
    |icmp_ln92_3_reg_3511                       |   1|   0|    1|          0|
    |icmp_ln92_reg_3496                         |   1|   0|    1|          0|
    |indvar_flatten13_reg_855                   |  11|   0|   11|          0|
    |indvar_flatten25_reg_888                   |  10|   0|   10|          0|
    |indvar_flatten33_reg_922                   |  10|   0|   10|          0|
    |indvar_flatten6_reg_822                    |  10|   0|   10|          0|
    |indvar_flatten_reg_789                     |  11|   0|   11|          0|
    |inv_reg_4189                               |  32|   0|   32|          0|
    |logits_1_reg_1089                          |  32|   0|   32|          0|
    |m_1_reg_4144                               |  32|   0|   32|          0|
    |m_reg_1077                                 |  32|   0|   32|          0|
    |n_0_i1_reg_800                             |   8|   0|    8|          0|
    |n_0_i20_reg_866                            |   7|   0|    7|          0|
    |n_0_i_reg_944                              |   6|   0|    6|          0|
    |o_0_i73_reg_1033                           |   4|   0|    4|          0|
    |o_0_i93_reg_1101                           |   2|   0|    2|          0|
    |o_0_i_reg_989                              |   5|   0|    5|          0|
    |o_1_reg_3841                               |   4|   0|    4|          0|
    |o_reg_3757                                 |   5|   0|    5|          0|
    |p23_0_i_reg_1124                           |  32|   0|   32|          0|
    |p_0_i_reg_1112                             |  32|   0|   32|          0|
    |probs_0_reg_1159                           |  32|   0|   32|          0|
    |probs_1_reg_1171                           |  32|   0|   32|          0|
    |reg_1382                                   |  32|   0|   32|          0|
    |reg_1387                                   |  32|   0|   32|          0|
    |s_0_i_reg_1136                             |  32|   0|   32|          0|
    |s_in_V_data_0_payload_A                    |  32|   0|   32|          0|
    |s_in_V_data_0_payload_B                    |  32|   0|   32|          0|
    |s_in_V_data_0_sel_rd                       |   1|   0|    1|          0|
    |s_in_V_data_0_sel_wr                       |   1|   0|    1|          0|
    |s_in_V_data_0_state                        |   2|   0|    2|          0|
    |s_in_V_last_V_0_state                      |   2|   0|    2|          0|
    |s_out_V_data_1_payload_A                   |  32|   0|   32|          0|
    |s_out_V_data_1_payload_B                   |  32|   0|   32|          0|
    |s_out_V_data_1_sel_rd                      |   1|   0|    1|          0|
    |s_out_V_data_1_sel_wr                      |   1|   0|    1|          0|
    |s_out_V_data_1_state                       |   2|   0|    2|          0|
    |s_out_V_last_V_1_payload_A                 |   1|   0|    1|          0|
    |s_out_V_last_V_1_payload_B                 |   1|   0|    1|          0|
    |s_out_V_last_V_1_sel_rd                    |   1|   0|    1|          0|
    |s_out_V_last_V_1_sel_wr                    |   1|   0|    1|          0|
    |s_out_V_last_V_1_state                     |   2|   0|    2|          0|
    |select_ln106_1_reg_3540                    |   4|   0|    4|          0|
    |select_ln106_2_reg_3545                    |   6|   0|    6|          0|
    |select_ln106_reg_3535                      |  10|   0|   10|          0|
    |select_ln106_reg_3535_pp4_iter1_reg        |  10|   0|   10|          0|
    |select_ln193_reg_3748                      |  32|   0|   32|          0|
    |select_ln211_1_reg_4179                    |  32|   0|   32|          0|
    |select_ln211_reg_4174                      |  32|   0|   32|          0|
    |select_ln32_2_reg_3243                     |   8|   0|    8|          0|
    |select_ln32_reg_3270                       |  32|   0|   32|          0|
    |select_ln37_1_reg_3290                     |   7|   0|    7|          0|
    |select_ln37_1_reg_3290_pp1_iter1_reg       |   7|   0|    7|          0|
    |select_ln37_reg_3284                       |   4|   0|    4|          0|
    |select_ln37_reg_3284_pp1_iter1_reg         |   4|   0|    4|          0|
    |select_ln44_reg_3306                       |  12|   0|   12|          0|
    |select_ln45_reg_3351                       |  12|   0|   12|          0|
    |select_ln80_1_reg_3370                     |   4|   0|    4|          0|
    |select_ln80_2_reg_3375                     |   7|   0|    7|          0|
    |select_ln80_reg_3404                       |  32|   0|   32|          0|
    |select_ln85_4_reg_3454                     |   6|   0|    6|          0|
    |select_ln85_4_reg_3454_pp3_iter1_reg       |   6|   0|    6|          0|
    |select_ln85_reg_3447                       |   4|   0|    4|          0|
    |select_ln91_reg_3471                       |  13|   0|   13|          0|
    |select_ln92_reg_3516                       |  13|   0|   13|          0|
    |sext_ln80_reg_3387                         |  64|   0|   64|          0|
    |t_0_i_reg_933                              |  10|   0|   10|          0|
    |t_1_i_reg_955                              |  10|   0|   10|          0|
    |tmp_10_reg_3741                            |  32|   0|   32|          0|
    |tmp_1_i_reg_4039                           |  32|   0|   32|          0|
    |tmp_2_i_reg_4054                           |  32|   0|   32|          0|
    |tmp_3_i_reg_4069                           |  32|   0|   32|          0|
    |tmp_4_i_reg_4084                           |  32|   0|   32|          0|
    |tmp_5_i_reg_4099                           |  32|   0|   32|          0|
    |tmp_6_i1_reg_4114                          |  32|   0|   32|          0|
    |tmp_7_i1_reg_4129                          |  32|   0|   32|          0|
    |tmp_i_i_reg_4169                           |  32|   0|   32|          0|
    |trunc_ln182_reg_4010                       |   1|   0|    1|          0|
    |trunc_ln211_reg_4158                       |   1|   0|    1|          0|
    |trunc_ln217_reg_4202                       |   1|   0|    1|          0|
    |zext_ln151_1_reg_3772                      |   5|   0|   11|          6|
    |zext_ln166_1_reg_3856                      |   4|   0|    9|          5|
    |zext_ln193_1_reg_3820                      |   5|   0|   64|         59|
    |zext_ln193_1_reg_3820_pp7_iter1_reg        |   5|   0|   64|         59|
    |zext_ln193_2_reg_3904                      |   4|   0|   64|         60|
    |zext_ln193_2_reg_3904_pp9_iter1_reg        |   4|   0|   64|         60|
    |zext_ln32_1_reg_3248                       |  12|   0|   64|         52|
    |zext_ln43_3_reg_3296                       |  11|   0|   12|          1|
    |icmp_ln152_reg_3782                        |  64|  32|    1|          0|
    |icmp_ln167_reg_3866                        |  64|  32|    1|          0|
    |icmp_ln179_reg_4001                        |  64|  64|    1|          0|
    |icmp_ln207_reg_4149                        |  64|  32|    1|          0|
    |icmp_ln28_reg_3234                         |  64|  32|    1|          0|
    |icmp_ln76_reg_3361                         |  64|  32|    1|          0|
    |icmp_ln85_reg_3424                         |  64|  32|    1|          0|
    |select_ln85_reg_3447                       |  64|  32|    4|          0|
    |sext_ln80_reg_3387                         |   1|   1|   64|          0|
    |trunc_ln182_reg_4010                       |  64|  64|    1|          0|
    |trunc_ln211_reg_4158                       |  64|  32|    1|          0|
    |zext_ln32_1_reg_3248                       |  64|  32|   64|         52|
    +-------------------------------------------+----+----+-----+-----------+
    |Total                                      |4164| 417| 3904|        356|
    +-------------------------------------------+----+----+-----+-----------+



================================================================
== Interface
================================================================
* Summary: 
+--------------+-----+-----+--------------+----------------+--------------+
|   RTL Ports  | Dir | Bits|   Protocol   |  Source Object |    C Type    |
+--------------+-----+-----+--------------+----------------+--------------+
|ap_clk        |  in |    1| ap_ctrl_none |   cnn_top_axi  | return value |
|ap_rst_n      |  in |    1| ap_ctrl_none |   cnn_top_axi  | return value |
|s_in_TDATA    |  in |   32|     axis     |   s_in_V_data  |    pointer   |
|s_in_TVALID   |  in |    1|     axis     |  s_in_V_last_V |    pointer   |
|s_in_TREADY   | out |    1|     axis     |  s_in_V_last_V |    pointer   |
|s_in_TLAST    |  in |    1|     axis     |  s_in_V_last_V |    pointer   |
|s_out_TDATA   | out |   32|     axis     |  s_out_V_data  |    pointer   |
|s_out_TREADY  |  in |    1|     axis     |  s_out_V_data  |    pointer   |
|s_out_TVALID  | out |    1|     axis     | s_out_V_last_V |    pointer   |
|s_out_TLAST   | out |    1|     axis     | s_out_V_last_V |    pointer   |
+--------------+-----+-----+--------------+----------------+--------------+

