

================================================================
== Vivado HLS Report for 'conv2_same_fixed'
================================================================
* Date:           Sat Nov 15 22:58:18 2025

* Version:        2019.1 (Build 2552052 on Fri May 24 15:28:33 MDT 2019)
* Project:        CNN
* Solution:       solution6
* Product family: zynq
* Target device:  xc7z020-clg484-1


================================================================
== Performance Estimates
================================================================
+ Timing (ns): 
    * Summary: 
    +--------+-------+----------+------------+
    |  Clock | Target| Estimated| Uncertainty|
    +--------+-------+----------+------------+
    |ap_clk  |  10.00|     8.038|        1.25|
    +--------+-------+----------+------------+

+ Latency (clock cycles): 
    * Summary: 
    +------+--------+------+--------+---------+
    |    Latency    |    Interval   | Pipeline|
    |  min |   max  |  min |   max  |   Type  |
    +------+--------+------+--------+---------+
    |  9613|  163405|  9613|  163405|   none  |
    +------+--------+------+--------+---------+

    + Detail: 
        * Instance: 
        N/A

        * Loop: 
        +------------------+------+--------+----------+-----------+-----------+------+----------+
        |                  |    Latency    | Iteration|  Initiation Interval  | Trip |          |
        |     Loop Name    |  min |   max  |  Latency |  achieved |   target  | Count| Pipelined|
        +------------------+------+--------+----------+-----------+-----------+------+----------+
        |- loop5_L         |  9612|  163404|  9 ~ 153 |          -|          -|  1068|    no    |
        | + loop5_L.1      |     6|     150|  2 ~ 50  |          -|          -|     3|    no    |
        |  ++ loop5_L.1.1  |    46|      46|        11|          5|          1|     8|    yes   |
        +------------------+------+--------+----------+-----------+-----------+------+----------+



================================================================
== Utilization Estimates
================================================================
* Summary: 
+-----------------+---------+-------+--------+-------+-----+
|       Name      | BRAM_18K| DSP48E|   FF   |  LUT  | URAM|
+-----------------+---------+-------+--------+-------+-----+
|DSP              |        -|      -|       -|      -|    -|
|Expression       |        -|      -|       0|    251|    -|
|FIFO             |        -|      -|       -|      -|    -|
|Instance         |        -|      5|     348|    711|    -|
|Memory           |        1|      -|      32|      6|    -|
|Multiplexer      |        -|      -|       -|    158|    -|
|Register         |        -|      -|     297|      -|    -|
+-----------------+---------+-------+--------+-------+-----+
|Total            |        1|      5|     677|   1126|    0|
+-----------------+---------+-------+--------+-------+-----+
|Available        |      280|    220|  106400|  53200|    0|
+-----------------+---------+-------+--------+-------+-----+
|Utilization (%)  |    ~0   |      2|   ~0   |      2|    0|
+-----------------+---------+-------+--------+-------+-----+

+ Detail: 
    * Instance: 
    +--------------------------+----------------------+---------+-------+-----+-----+-----+
    |         Instance         |        Module        | BRAM_18K| DSP48E|  FF | LUT | URAM|
    +--------------------------+----------------------+---------+-------+-----+-----+-----+
    |cnn_top_axi_fadd_dEe_U9   |cnn_top_axi_fadd_dEe  |        0|      2|  205|  390|    0|
    |cnn_top_axi_fmul_eOg_U10  |cnn_top_axi_fmul_eOg  |        0|      3|  143|  321|    0|
    +--------------------------+----------------------+---------+-------+-----+-----+-----+
    |Total                     |                      |        0|      5|  348|  711|    0|
    +--------------------------+----------------------+---------+-------+-----+-----+-----+

    * DSP48E: 
    N/A

    * Memory: 
    +-----------+----------------------+---------+----+----+-----+------+-----+------+-------------+
    |   Memory  |        Module        | BRAM_18K| FF | LUT| URAM| Words| Bits| Banks| W*Bits*Banks|
    +-----------+----------------------+---------+----+----+-----+------+-----+------+-------------+
    |conv2_w_U  |conv2_same_fixed_fYi  |        1|   0|   0|    0|   288|   32|     1|         9216|
    |conv2_b_U  |conv2_same_fixed_g8j  |        0|  32|   6|    0|    12|   32|     1|          384|
    +-----------+----------------------+---------+----+----+-----+------+-----+------+-------------+
    |Total      |                      |        1|  32|   6|    0|   300|   64|     2|         9600|
    +-----------+----------------------+---------+----+----+-----+------+-----+------+-------------+

    * FIFO: 
    N/A

    * Expression: 
    +-------------------------+----------+-------+---+----+------------+------------+
    |      Variable Name      | Operation| DSP48E| FF| LUT| Bitwidth P0| Bitwidth P1|
    +-------------------------+----------+-------+---+----+------------+------------+
    |add_ln56_fu_235_p2       |     +    |      0|  0|  13|          11|           1|
    |add_ln61_fu_352_p2       |     +    |      0|  0|  15|           7|           7|
    |add_ln65_1_fu_429_p2     |     +    |      0|  0|  14|          10|          10|
    |add_ln65_2_fu_439_p2     |     +    |      0|  0|  13|          11|          11|
    |add_ln65_fu_397_p2       |     +    |      0|  0|  15|           7|           7|
    |add_ln69_fu_325_p2       |     +    |      0|  0|  11|          12|          12|
    |c_fu_449_p2              |     +    |      0|  0|  13|           4|           1|
    |f_fu_410_p2              |     +    |      0|  0|  13|           4|           1|
    |k_fu_342_p2              |     +    |      0|  0|  10|           2|           1|
    |n_fu_241_p2              |     +    |      0|  0|  15|           7|           1|
    |xi_fu_361_p2             |     +    |      0|  0|  15|           8|           2|
    |sub_ln65_fu_319_p2       |     -    |      0|  0|  15|           7|           7|
    |sub_ln69_fu_296_p2       |     -    |      0|  0|  11|          12|          12|
    |and_ln62_fu_379_p2       |    and   |      0|  0|   2|           1|           1|
    |icmp_ln56_fu_229_p2      |   icmp   |      0|  0|  13|          11|          11|
    |icmp_ln58_fu_247_p2      |   icmp   |      0|  0|   9|           4|           4|
    |icmp_ln60_fu_336_p2      |   icmp   |      0|  0|   8|           2|           2|
    |icmp_ln62_1_fu_373_p2    |   icmp   |      0|  0|  11|           8|           7|
    |icmp_ln62_fu_367_p2      |   icmp   |      0|  0|  11|           7|           1|
    |icmp_ln63_fu_415_p2      |   icmp   |      0|  0|  11|           4|           5|
    |select_ln69_1_fu_261_p3  |  select  |      0|  0|   7|           1|           7|
    |select_ln69_fu_253_p3    |  select  |      0|  0|   4|           1|           1|
    |ap_enable_pp0            |    xor   |      0|  0|   2|           1|           2|
    +-------------------------+----------+-------+---+----+------------+------------+
    |Total                    |          |      0|  0| 251|         142|         114|
    +-------------------------+----------+-------+---+----+------------+------------+

    * Multiplexer: 
    +------------------------------+----+-----------+-----+-----------+
    |             Name             | LUT| Input Size| Bits| Total Bits|
    +------------------------------+----+-----------+-----+-----------+
    |acc_0_be_reg_207              |   9|          2|   32|         64|
    |acc_0_reg_162                 |   9|          2|   32|         64|
    |acc_1_reg_196                 |   9|          2|   32|         64|
    |ap_NS_fsm                     |  53|         12|    1|         12|
    |ap_enable_reg_pp0_iter1       |   9|          2|    1|          2|
    |ap_enable_reg_pp0_iter2       |  15|          3|    1|          3|
    |ap_phi_mux_c_0_phi_fu_188_p4  |   9|          2|    4|          8|
    |c_0_reg_184                   |   9|          2|    4|          8|
    |f_0_reg_151                   |   9|          2|    4|          8|
    |indvar_flatten_reg_129        |   9|          2|   11|         22|
    |k_0_reg_173                   |   9|          2|    2|          4|
    |n_0_reg_140                   |   9|          2|    7|         14|
    +------------------------------+----+-----------+-----+-----------+
    |Total                         | 158|         35|  131|        273|
    +------------------------------+----+-----------+-----+-----------+

    * Register: 
    +---------------------------------+----+----+-----+-----------+
    |               Name              | FF | LUT| Bits| Const Bits|
    +---------------------------------+----+----+-----+-----------+
    |acc_0_be_reg_207                 |  32|   0|   32|          0|
    |acc_0_reg_162                    |  32|   0|   32|          0|
    |acc_1_reg_196                    |  32|   0|   32|          0|
    |add_ln56_reg_458                 |  11|   0|   11|          0|
    |ap_CS_fsm                        |  11|   0|   11|          0|
    |ap_enable_reg_pp0_iter0          |   1|   0|    1|          0|
    |ap_enable_reg_pp0_iter1          |   1|   0|    1|          0|
    |ap_enable_reg_pp0_iter2          |   1|   0|    1|          0|
    |c_0_reg_184                      |   4|   0|    4|          0|
    |c_reg_551                        |   4|   0|    4|          0|
    |conv2_w_load_reg_546             |  32|   0|   32|          0|
    |f_0_reg_151                      |   4|   0|    4|          0|
    |icmp_ln63_reg_527                |   1|   0|    1|          0|
    |icmp_ln63_reg_527_pp0_iter1_reg  |   1|   0|    1|          0|
    |indvar_flatten_reg_129           |  11|   0|   11|          0|
    |k_0_reg_173                      |   2|   0|    2|          0|
    |k_reg_503                        |   2|   0|    2|          0|
    |n_0_reg_140                      |   7|   0|    7|          0|
    |select_ln69_1_reg_471            |   7|   0|    7|          0|
    |select_ln69_reg_463              |   4|   0|    4|          0|
    |sub_ln65_reg_484                 |   7|   0|    7|          0|
    |tmp_4_reg_512                    |   8|   0|   11|          3|
    |tmp_6_cast_reg_517               |   7|   0|   10|          3|
    |tmp_reg_556                      |  32|   0|   32|          0|
    |x_load_reg_541                   |  32|   0|   32|          0|
    |y_addr_reg_489                   |  11|   0|   11|          0|
    +---------------------------------+----+----+-----+-----------+
    |Total                            | 297|   0|  303|          6|
    +---------------------------------+----+----+-----+-----------+



================================================================
== Interface
================================================================
* Summary: 
+------------+-----+-----+------------+------------------+--------------+
|  RTL Ports | Dir | Bits|  Protocol  |   Source Object  |    C Type    |
+------------+-----+-----+------------+------------------+--------------+
|ap_clk      |  in |    1| ap_ctrl_hs | conv2_same_fixed | return value |
|ap_rst      |  in |    1| ap_ctrl_hs | conv2_same_fixed | return value |
|ap_start    |  in |    1| ap_ctrl_hs | conv2_same_fixed | return value |
|ap_done     | out |    1| ap_ctrl_hs | conv2_same_fixed | return value |
|ap_idle     | out |    1| ap_ctrl_hs | conv2_same_fixed | return value |
|ap_ready    | out |    1| ap_ctrl_hs | conv2_same_fixed | return value |
|x_address0  | out |   10|  ap_memory |         x        |     array    |
|x_ce0       | out |    1|  ap_memory |         x        |     array    |
|x_q0        |  in |   32|  ap_memory |         x        |     array    |
|y_address0  | out |   11|  ap_memory |         y        |     array    |
|y_ce0       | out |    1|  ap_memory |         y        |     array    |
|y_we0       | out |    1|  ap_memory |         y        |     array    |
|y_d0        | out |   32|  ap_memory |         y        |     array    |
+------------+-----+-----+------------+------------------+--------------+

