

================================================================
== Vivado HLS Report for 'conv1d_same_1in'
================================================================
* Date:           Sat Nov 15 22:58:18 2025

* Version:        2019.1 (Build 2552052 on Fri May 24 15:28:33 MDT 2019)
* Project:        CNN
* Solution:       solution6
* Product family: zynq
* Target device:  xc7z020-clg484-1


================================================================
== Performance Estimates
================================================================
+ Timing (ns): 
    * Summary: 
    +--------+-------+----------+------------+
    |  Clock | Target| Estimated| Uncertainty|
    +--------+-------+----------+------------+
    |ap_clk  |  10.00|     7.256|        1.25|
    +--------+-------+----------+------------+

+ Latency (clock cycles): 
    * Summary: 
    +-------+-------+-------+-------+---------+
    |    Latency    |    Interval   | Pipeline|
    |  min  |  max  |  min  |  max  |   Type  |
    +-------+-------+-------+-------+---------+
    |  49841|  49841|  49841|  49841|   none  |
    +-------+-------+-------+-------+---------+

    + Detail: 
        * Instance: 
        N/A

        * Loop: 
        +--------------+-------+-------+----------+-----------+-----------+------+----------+
        |              |    Latency    | Iteration|  Initiation Interval  | Trip |          |
        |   Loop Name  |  min  |  max  |  Latency |  achieved |   target  | Count| Pipelined|
        +--------------+-------+-------+----------+-----------+-----------+------+----------+
        |- loop2_L     |  49840|  49840|        35|          -|          -|  1424|    no    |
        | + loop2_L.1  |     31|     31|        12|          5|          1|     5|    yes   |
        +--------------+-------+-------+----------+-----------+-----------+------+----------+



================================================================
== Utilization Estimates
================================================================
* Summary: 
+-----------------+---------+-------+--------+-------+-----+
|       Name      | BRAM_18K| DSP48E|   FF   |  LUT  | URAM|
+-----------------+---------+-------+--------+-------+-----+
|DSP              |        -|      -|       -|      -|    -|
|Expression       |        -|      -|       0|    227|    -|
|FIFO             |        -|      -|       -|      -|    -|
|Instance         |        -|      5|     348|    711|    -|
|Memory           |        1|      -|      32|      4|    -|
|Multiplexer      |        -|      -|       -|    119|    -|
|Register         |        0|      -|     326|     32|    -|
+-----------------+---------+-------+--------+-------+-----+
|Total            |        1|      5|     706|   1093|    0|
+-----------------+---------+-------+--------+-------+-----+
|Available        |      280|    220|  106400|  53200|    0|
+-----------------+---------+-------+--------+-------+-----+
|Utilization (%)  |    ~0   |      2|   ~0   |      2|    0|
+-----------------+---------+-------+--------+-------+-----+

+ Detail: 
    * Instance: 
    +-------------------------+----------------------+---------+-------+-----+-----+-----+
    |         Instance        |        Module        | BRAM_18K| DSP48E|  FF | LUT | URAM|
    +-------------------------+----------------------+---------+-------+-----+-----+-----+
    |cnn_top_axi_fadd_dEe_U1  |cnn_top_axi_fadd_dEe  |        0|      2|  205|  390|    0|
    |cnn_top_axi_fmul_eOg_U2  |cnn_top_axi_fmul_eOg  |        0|      3|  143|  321|    0|
    +-------------------------+----------------------+---------+-------+-----+-----+-----+
    |Total                    |                      |        0|      5|  348|  711|    0|
    +-------------------------+----------------------+---------+-------+-----+-----+-----+

    * DSP48E: 
    N/A

    * Memory: 
    +-------------+----------------------+---------+----+----+-----+------+-----+------+-------------+
    |    Memory   |        Module        | BRAM_18K| FF | LUT| URAM| Words| Bits| Banks| W*Bits*Banks|
    +-------------+----------------------+---------+----+----+-----+------+-----+------+-------------+
    |conv1_w_0_U  |conv1d_same_1in_cbkb  |        1|   0|   0|    0|    40|   32|     1|         1280|
    |conv1_b_U    |conv1d_same_1in_ccud  |        0|  32|   4|    0|     8|   32|     1|          256|
    +-------------+----------------------+---------+----+----+-----+------+-----+------+-------------+
    |Total        |                      |        1|  32|   4|    0|    48|   64|     2|         1536|
    +-------------+----------------------+---------+----+----+-----+------+-----+------+-------------+

    * FIFO: 
    N/A

    * Expression: 
    +-------------------------+----------+-------+---+----+------------+------------+
    |      Variable Name      | Operation| DSP48E| FF| LUT| Bitwidth P0| Bitwidth P1|
    +-------------------------+----------+-------+---+----+------------+------------+
    |add_ln11_fu_196_p2       |     +    |      0|  0|  13|          11|           1|
    |add_ln17_fu_295_p2       |     +    |      0|  0|  12|           3|           3|
    |add_ln19_1_fu_323_p2     |     +    |      0|  0|  15|           7|           7|
    |add_ln19_fu_266_p2       |     +    |      0|  0|  15|           7|           7|
    |add_ln21_fu_272_p2       |     +    |      0|  0|  12|          12|          12|
    |f_fu_370_p2              |     +    |      0|  0|  13|           4|           1|
    |k_fu_289_p2              |     +    |      0|  0|  12|           3|           1|
    |n_fu_202_p2              |     +    |      0|  0|  15|           8|           1|
    |xi_fu_305_p2             |     +    |      0|  0|  15|           9|           9|
    |and_ln18_fu_351_p2       |    and   |      0|  0|   2|           1|           1|
    |icmp_ln11_fu_190_p2      |   icmp   |      0|  0|  13|          11|          11|
    |icmp_ln13_fu_208_p2      |   icmp   |      0|  0|  11|           4|           5|
    |icmp_ln15_1_fu_365_p2    |   icmp   |      0|  0|   9|           3|           3|
    |icmp_ln15_fu_283_p2      |   icmp   |      0|  0|   9|           3|           3|
    |icmp_ln18_fu_346_p2      |   icmp   |      0|  0|  13|           9|           8|
    |select_ln11_1_fu_222_p3  |  select  |      0|  0|   8|           1|           8|
    |select_ln11_fu_214_p3    |  select  |      0|  0|   4|           1|           1|
    |xv_fu_357_p3             |  select  |      0|  0|  32|           1|          32|
    |ap_enable_pp0            |    xor   |      0|  0|   2|           1|           2|
    |xor_ln18_fu_340_p2       |    xor   |      0|  0|   2|           1|           2|
    +-------------------------+----------+-------+---+----+------------+------------+
    |Total                    |          |      0|  0| 227|         100|         118|
    +-------------------------+----------+-------+---+----+------------+------------+

    * Multiplexer: 
    +--------------------------------+----+-----------+-----+-----------+
    |              Name              | LUT| Input Size| Bits| Total Bits|
    +--------------------------------+----+-----------+-----+-----------+
    |acc_0_reg_160                   |   9|          2|   32|         64|
    |ap_NS_fsm                       |  47|         10|    1|         10|
    |ap_enable_reg_pp0_iter2         |   9|          2|    1|          2|
    |ap_phi_mux_acc_0_phi_fu_163_p4  |   9|          2|   32|         64|
    |ap_phi_mux_k_0_phi_fu_174_p4    |   9|          2|    3|          6|
    |f_0_reg_149                     |   9|          2|    4|          8|
    |indvar_flatten_reg_127          |   9|          2|   11|         22|
    |k_0_reg_170                     |   9|          2|    3|          6|
    |n_0_reg_138                     |   9|          2|    8|         16|
    +--------------------------------+----+-----------+-----+-----------+
    |Total                           | 119|         26|   95|        198|
    +--------------------------------+----+-----------+-----+-----------+

    * Register: 
    +-----------------------------------+----+----+-----+-----------+
    |                Name               | FF | LUT| Bits| Const Bits|
    +-----------------------------------+----+----+-----+-----------+
    |acc_0_reg_160                      |  32|   0|   32|          0|
    |acc_3_reg_468                      |  32|   0|   32|          0|
    |add_ln11_reg_378                   |  11|   0|   11|          0|
    |add_ln19_reg_408                   |   7|   0|    7|          0|
    |ap_CS_fsm                          |   9|   0|    9|          0|
    |ap_enable_reg_pp0_iter0            |   1|   0|    1|          0|
    |ap_enable_reg_pp0_iter1            |   1|   0|    1|          0|
    |ap_enable_reg_pp0_iter2            |   1|   0|    1|          0|
    |conv1_w_0_load_reg_454             |  32|   0|   32|          0|
    |f_0_reg_149                        |   4|   0|    4|          0|
    |icmp_ln15_1_reg_464                |   1|   0|    1|          0|
    |icmp_ln15_1_reg_464_pp0_iter2_reg  |   1|   0|    1|          0|
    |icmp_ln15_reg_423                  |   1|   0|    1|          0|
    |indvar_flatten_reg_127             |  11|   0|   11|          0|
    |k_0_reg_170                        |   3|   0|    3|          0|
    |k_reg_427                          |   3|   0|    3|          0|
    |n_0_reg_138                        |   8|   0|    8|          0|
    |select_ln11_1_reg_391              |   8|   0|    8|          0|
    |select_ln11_reg_383                |   4|   0|    4|          0|
    |tmp_reg_459                        |  32|   0|   32|          0|
    |xi_reg_433                         |   9|   0|    9|          0|
    |xv_reg_449                         |  32|   0|   32|          0|
    |y_addr_reg_413                     |  11|   0|   11|          0|
    |zext_ln11_reg_403                  |   8|   0|    9|          1|
    |icmp_ln15_reg_423                  |  64|  32|    1|          0|
    +-----------------------------------+----+----+-----+-----------+
    |Total                              | 326|  32|  264|          1|
    +-----------------------------------+----+----+-----+-----------+



================================================================
== Interface
================================================================
* Summary: 
+------------+-----+-----+------------+-----------------+--------------+
|  RTL Ports | Dir | Bits|  Protocol  |  Source Object  |    C Type    |
+------------+-----+-----+------------+-----------------+--------------+
|ap_clk      |  in |    1| ap_ctrl_hs | conv1d_same_1in | return value |
|ap_rst      |  in |    1| ap_ctrl_hs | conv1d_same_1in | return value |
|ap_start    |  in |    1| ap_ctrl_hs | conv1d_same_1in | return value |
|ap_done     | out |    1| ap_ctrl_hs | conv1d_same_1in | return value |
|ap_idle     | out |    1| ap_ctrl_hs | conv1d_same_1in | return value |
|ap_ready    | out |    1| ap_ctrl_hs | conv1d_same_1in | return value |
|x_address0  | out |    8|  ap_memory |        x        |     array    |
|x_ce0       | out |    1|  ap_memory |        x        |     array    |
|x_q0        |  in |   32|  ap_memory |        x        |     array    |
|y_address0  | out |   11|  ap_memory |        y        |     array    |
|y_ce0       | out |    1|  ap_memory |        y        |     array    |
|y_we0       | out |    1|  ap_memory |        y        |     array    |
|y_d0        | out |   32|  ap_memory |        y        |     array    |
+------------+-----+-----+------------+-----------------+--------------+

