INFO: [HLS 200-10] Running 'D:/Vivado/Vivado/2019.1/bin/unwrapped/win64.o/vivado_hls.exe'
INFO: [HLS 200-10] For user '91951' on host 'shiv' (Windows NT_amd64 version 6.2) on Sun Nov 16 23:26:35 +0530 2025
INFO: [HLS 200-10] In directory 'D:/Nischal/hls'
Sourcing Tcl script 'D:/Nischal/hls/CNN/solution6/csim.tcl'
INFO: [HLS 200-10] Opening project 'D:/Nischal/hls/CNN'.
INFO: [HLS 200-10] Opening solution 'D:/Nischal/hls/CNN/solution6'.
INFO: [SYN 201-201] Setting up clock 'default' with a period of 10ns.
INFO: [SYN 201-201] Setting up clock 'default' with an uncertainty of 1.25ns.
INFO: [HLS 200-10] Setting target device to 'xc7z020-clg484-1'
INFO: [SIM 211-2] *************** CSIM start ***************
INFO: [SIM 211-4] CSIM will launch GCC as the compiler.
   Compiling ../../../sources/testbench.cpp in debug mode
   Compiling ../../../sources/main.cpp in debug mode
   Generating csim.exe
In file included from D:/Vivado/Vivado/2019.1/include/floating_point_v7_0_bitacc_cmodel.h:143:0,
                 from D:/Vivado/Vivado/2019.1/include/hls_fpo.h:186,
                 from D:/Vivado/Vivado/2019.1/include/hls_half.h:44,
                 from D:/Vivado/Vivado/2019.1/include/etc/ap_private.h:90,
                 from D:/Vivado/Vivado/2019.1/include/ap_common.h:641,
                 from D:/Vivado/Vivado/2019.1/include/ap_int.h:54,
                 from ../../../sources/conv_weights.h:10,
                 from ../../../sources/testbench.cpp:9:
D:/Vivado/Vivado/2019.1/include/gmp.h:62:0: warning: "__GMP_LIBGMP_DLL" redefined
 #define __GMP_LIBGMP_DLL  0
 
In file included from D:/Vivado/Vivado/2019.1/include/hls_fpo.h:186:0,
                 from D:/Vivado/Vivado/2019.1/include/hls_half.h:44,
                 from D:/Vivado/Vivado/2019.1/include/etc/ap_private.h:90,
                 from D:/Vivado/Vivado/2019.1/include/ap_common.h:641,
                 from D:/Vivado/Vivado/2019.1/include/ap_int.h:54,
                 from ../../../sources/conv_weights.h:10,
                 from ../../../sources/testbench.cpp:9:
D:/Vivado/Vivado/2019.1/include/floating_point_v7_0_bitacc_cmodel.h:135:0: note: this is the location of the previous definition
 #define __GMP_LIBGMP_DLL 1
 
In file included from D:/Vivado/Vivado/2019.1/include/floating_point_v7_0_bitacc_cmodel.h:143:0,
                 from D:/Vivado/Vivado/2019.1/include/hls_fpo.h:186,
                 from D:/Vivado/Vivado/2019.1/include/hls_half.h:44,
                 from D:/Vivado/Vivado/2019.1/include/etc/ap_private.h:90,
                 from D:/Vivado/Vivado/2019.1/include/ap_common.h:641,
                 from D:/Vivado/Vivado/2019.1/include/ap_int.h:54,
                 from ../../../sources/conv_weights.h:10,
                 from ../../../sources/main.cpp:1:
D:/Vivado/Vivado/2019.1/include/gmp.h:62:0: warning: "__GMP_LIBGMP_DLL" redefined
 #define __GMP_LIBGMP_DLL  0
 
In file included from D:/Vivado/Vivado/2019.1/include/hls_fpo.h:186:0,
                 from D:/Vivado/Vivado/2019.1/include/hls_half.h:44,
                 from D:/Vivado/Vivado/2019.1/include/etc/ap_private.h:90,
                 from D:/Vivado/Vivado/2019.1/include/ap_common.h:641,
                 from D:/Vivado/Vivado/2019.1/include/ap_int.h:54,
                 from ../../../sources/conv_weights.h:10,
                 from ../../../sources/main.cpp:1:
D:/Vivado/Vivado/2019.1/include/floating_point_v7_0_bitacc_cmodel.h:135:0: note: this is the location of the previous definition
 #define __GMP_LIBGMP_DLL 1
 
Softmax: [0.112052, 0.887948]
Predicted class: 1
INFO: [SIM 211-1] CSim done with 0 errors.
INFO: [SIM 211-3] *************** CSIM finish ***************
